// Jest Snapshot v1, https://goo.gl/fbAQLP

exports[`<HeroUnit /> renders correctly 1`] = `
<div
  className="HeroUnit"
>
  <div
    className="HeroUnit__transparency"
  />
  <button
    className="Logo"
  >
    Landing Page
  </button>
  <div
    className="Countdown"
  >
    Countdown
  </div>
  <div
    className="NotifyButton"
  >
    NotifyButton
  </div>
</div>
`;
